2026-05-23 21:58:58,501 - INFO - Jade Cape Bot initialized - Symbol: BTCUSDT, Mode: PAPER
2026-05-23 21:58:58,508 - INFO - Starting Jade Cape Crypto Trading Bot
2026-05-23 21:58:58,508 - INFO - Trading BTCUSDT in PAPER mode
2026-05-23 21:58:58,508 - INFO - Session times: 13:00-16:00 UTC
2026-05-23 21:58:58,509 - INFO - Max trades per day: 3
2026-05-23 21:58:58,509 - INFO - Risk per trade: 1.0%
2026-05-23 21:58:58,509 - INFO - Daily counters reset
2026-05-23 21:58:58,509 - INFO - Outside NY session window - waiting
2026-05-23 22:53:59,209 - INFO - Outside NY session window - waiting
2026-05-23 23:05:38,146 - INFO - Jade Cape Bot initialized - Symbol: BTCUSDT, Mode: PAPER
2026-05-23 23:05:38,148 - INFO - Starting Jade Cape Crypto Trading Bot
2026-05-23 23:05:38,148 - INFO - Trading BTCUSDT in PAPER mode
2026-05-23 23:05:38,148 - INFO - Session times: 13:00-16:00 UTC
2026-05-23 23:05:38,149 - INFO - Max trades per day: 3
2026-05-23 23:05:38,149 - INFO - Risk per trade: 1.0%
2026-05-23 23:05:38,150 - INFO - Daily counters reset
2026-05-23 23:05:38,150 - INFO - Outside NY session window - waiting
2026-05-23 23:08:59,977 - INFO - Outside NY session window - waiting
2026-05-23 23:09:31,675 - INFO - Jade Cape Bot initialized - Symbol: BTCUSDT, Mode: PAPER
2026-05-23 23:09:31,681 - INFO - Starting Jade Cape Crypto Trading Bot
2026-05-23 23:09:31,682 - INFO - Trading BTCUSDT in PAPER mode
2026-05-23 23:09:31,683 - INFO - Session times: 13:00-16:00 UTC
2026-05-23 23:09:31,683 - INFO - Max trades per day: 3
2026-05-23 23:09:31,683 - INFO - Risk per trade: 1.0%
2026-05-23 23:09:31,683 - INFO - Daily counters reset
2026-05-23 23:09:31,684 - INFO - Outside NY session window - waiting
2026-05-23 23:24:00,075 - INFO - Outside NY session window - waiting
2026-05-23 23:39:16,959 - INFO - Outside NY session window - waiting
2026-05-23 23:41:30,579 - INFO - Jade Cape Bot initialized - Symbol: BTCUSDT, Mode: PAPER
2026-05-23 23:41:30,580 - INFO - Starting Jade Cape Crypto Trading Bot
2026-05-23 23:41:30,580 - INFO - Trading BTCUSDT in PAPER mode
2026-05-23 23:41:30,580 - INFO - Session times: 13:00-16:00 UTC
2026-05-23 23:41:30,580 - INFO - Max trades per day: 3
2026-05-23 23:41:30,580 - INFO - Risk per trade: 1.0%
2026-05-23 23:41:30,580 - INFO - Daily counters reset
2026-05-23 23:41:30,580 - INFO - Outside NY session window - waiting
2026-05-23 23:53:04,348 - INFO - Jade Cape Bot initialized - Symbol: BTCUSDT, Mode: PAPER
2026-05-23 23:53:04,348 - INFO - Starting Jade Cape Crypto Trading Bot
2026-05-23 23:53:04,348 - INFO - Trading BTCUSDT in PAPER mode
2026-05-23 23:53:04,349 - INFO - Session times: 13:00-16:00 UTC
2026-05-23 23:53:04,349 - INFO - Max trades per day: 3
2026-05-23 23:53:04,349 - INFO - Risk per trade: 1.0%
2026-05-23 23:53:04,349 - INFO - Daily counters reset
2026-05-23 23:53:04,349 - INFO - Outside NY session window - waiting
2026-05-23 23:54:17,042 - INFO - Outside NY session window - waiting
2026-05-24 00:08:05,949 - INFO - Jade Cape Bot initialized - Symbol: BTCUSDT, Mode: PAPER
2026-05-24 00:08:05,950 - INFO - Starting Jade Cape Crypto Trading Bot
2026-05-24 00:08:05,950 - INFO - Trading BTCUSDT in PAPER mode
2026-05-24 00:08:05,950 - INFO - Session times: 13:00-16:00 UTC
2026-05-24 00:08:05,951 - INFO - Max trades per day: 3
2026-05-24 00:08:05,951 - INFO - Risk per trade: 1.0%
2026-05-24 00:08:05,951 - INFO - Daily counters reset
2026-05-24 00:08:05,951 - INFO - Outside NY session window - waiting
2026-05-24 00:09:17,076 - INFO - Outside NY session window - waiting
2026-05-24 00:23:06,562 - INFO - Jade Cape Bot initialized - Symbol: BTCUSDT, Mode: PAPER
2026-05-24 00:23:06,563 - INFO - Starting Jade Cape Crypto Trading Bot
2026-05-24 00:23:06,563 - INFO - Trading BTCUSDT in PAPER mode
2026-05-24 00:23:06,563 - INFO - Session times: 13:00-16:00 UTC
2026-05-24 00:23:06,563 - INFO - Max trades per day: 3
2026-05-24 00:23:06,564 - INFO - Risk per trade: 1.0%
2026-05-24 00:23:06,564 - INFO - Daily counters reset
2026-05-24 00:23:06,564 - INFO - Outside NY session window - waiting
2026-05-24 00:24:17,106 - INFO - Outside NY session window - waiting
2026-05-24 00:38:07,068 - INFO - Jade Cape Bot initialized - Symbol: BTCUSDT, Mode: PAPER
2026-05-24 00:38:07,069 - INFO - Starting Jade Cape Crypto Trading Bot
2026-05-24 00:38:07,069 - INFO - Trading BTCUSDT in PAPER mode
2026-05-24 00:38:07,069 - INFO - Session times: 13:00-16:00 UTC
2026-05-24 00:38:07,070 - INFO - Max trades per day: 3
2026-05-24 00:38:07,070 - INFO - Risk per trade: 1.0%
2026-05-24 00:38:07,070 - INFO - Daily counters reset
2026-05-24 00:38:07,070 - INFO - Outside NY session window - waiting
2026-05-24 00:39:17,139 - INFO - Outside NY session window - waiting
2026-05-24 02:31:27,903 - INFO - Outside NY session window - waiting
2026-05-24 02:31:28,506 - INFO - Outside NY session window - waiting
2026-05-24 09:24:02,456 - INFO - Daily counters reset
2026-05-24 09:24:02,457 - INFO - Outside NY session window - waiting
2026-05-24 09:39:02,700 - INFO - Outside NY session window - waiting
2026-05-24 09:39:11,285 - INFO - Daily counters reset
2026-05-24 09:39:11,411 - INFO - Outside NY session window - waiting
2026-05-24 09:54:03,019 - INFO - Outside NY session window - waiting
2026-05-24 10:09:03,160 - INFO - Outside NY session window - waiting
2026-05-24 10:24:03,343 - INFO - Outside NY session window - waiting
2026-05-24 10:39:04,043 - INFO - Outside NY session window - waiting
2026-05-24 10:54:04,185 - INFO - Outside NY session window - waiting
2026-05-24 11:08:33,871 - INFO - Jade Cape Bot initialized - Symbol: BTCUSDT, Mode: PAPER
2026-05-24 11:08:33,886 - INFO - Starting Jade Cape Crypto Trading Bot
2026-05-24 11:08:33,886 - INFO - Trading BTCUSDT in PAPER mode
2026-05-24 11:08:33,886 - INFO - Session times: 13:00-16:00 UTC
2026-05-24 11:08:33,887 - INFO - Max trades per day: 3
2026-05-24 11:08:33,887 - INFO - Risk per trade: 1.0%
2026-05-24 11:08:33,887 - INFO - Daily counters reset
2026-05-24 11:08:33,887 - INFO - Outside NY session window - waiting
2026-05-24 11:09:04,332 - INFO - Outside NY session window - waiting
2026-05-24 11:23:33,941 - INFO - Outside NY session window - waiting
2026-05-24 11:24:04,356 - INFO - Outside NY session window - waiting
2026-05-24 11:54:05,523 - INFO - Outside NY session window - waiting
2026-05-24 11:54:06,690 - INFO - Outside NY session window - waiting
2026-05-24 12:10:51,863 - INFO - Outside NY session window - waiting
2026-05-24 12:10:51,939 - INFO - Outside NY session window - waiting
2026-05-24 12:25:52,214 - INFO - Outside NY session window - waiting
2026-05-24 12:25:54,063 - INFO - Outside NY session window - waiting
2026-05-24 12:42:26,420 - INFO - Outside NY session window - waiting
2026-05-24 12:42:28,310 - INFO - Outside NY session window - waiting
2026-05-24 13:00:41,179 - INFO - Outside NY session window - waiting
2026-05-24 13:00:41,519 - INFO - Outside NY session window - waiting
2026-05-24 13:57:58,337 - INFO - Outside NY session window - waiting
2026-05-24 13:58:00,347 - INFO - Outside NY session window - waiting
2026-05-24 14:19:35,013 - INFO - Outside NY session window - waiting
2026-05-24 14:19:36,099 - INFO - Outside NY session window - waiting
2026-05-24 14:39:17,731 - INFO - Outside NY session window - waiting
2026-05-24 14:39:18,237 - INFO - Outside NY session window - waiting
2026-05-24 14:54:20,882 - INFO - Outside NY session window - waiting
2026-05-24 15:09:21,053 - INFO - Outside NY session window - waiting
2026-05-24 15:24:21,142 - INFO - Outside NY session window - waiting
2026-05-24 15:39:23,721 - INFO - Outside NY session window - waiting
2026-05-24 15:54:23,799 - INFO - Outside NY session window - waiting
2026-05-24 16:09:23,833 - INFO - Outside NY session window - waiting
2026-05-24 16:24:23,863 - INFO - Outside NY session window - waiting
2026-05-24 16:46:48,685 - INFO - Outside NY session window - waiting
2026-05-24 22:31:14,054 - INFO - Outside NY session window - waiting
2026-05-24 22:46:14,213 - INFO - Outside NY session window - waiting
2026-05-24 23:01:14,610 - INFO - Outside NY session window - waiting
2026-05-24 23:16:15,030 - INFO - Outside NY session window - waiting
2026-05-24 23:31:15,638 - INFO - Outside NY session window - waiting
2026-05-24 23:46:16,027 - INFO - Outside NY session window - waiting
2026-05-25 00:01:16,520 - INFO - Outside NY session window - waiting
2026-05-25 00:16:17,089 - INFO - Outside NY session window - waiting
2026-05-25 00:31:17,123 - INFO - Outside NY session window - waiting
2026-05-25 00:46:17,160 - INFO - Outside NY session window - waiting
2026-05-25 01:01:17,187 - INFO - Outside NY session window - waiting
2026-05-25 09:38:39,761 - INFO - Daily counters reset
2026-05-25 09:38:39,921 - INFO - Outside NY session window - waiting
2026-05-25 11:58:26,582 - INFO - Outside NY session window - waiting
2026-05-25 12:13:26,795 - INFO - Outside NY session window - waiting
2026-05-25 12:28:26,869 - INFO - Outside NY session window - waiting
2026-05-25 12:43:26,933 - INFO - Outside NY session window - waiting
2026-05-25 12:58:28,090 - INFO - Outside NY session window - waiting
2026-05-25 13:14:10,990 - INFO - Outside NY session window - waiting
2026-05-25 13:29:24,394 - INFO - Outside NY session window - waiting
2026-05-25 13:44:42,486 - INFO - Outside NY session window - waiting
2026-05-25 13:59:52,772 - INFO - Outside NY session window - waiting
2026-05-25 14:16:07,030 - INFO - Outside NY session window - waiting
2026-05-25 14:37:46,392 - INFO - Outside NY session window - waiting
2026-05-25 14:55:46,695 - INFO - Outside NY session window - waiting
2026-05-25 17:13:42,813 - INFO - Outside NY session window - waiting
2026-05-25 17:28:42,844 - INFO - Outside NY session window - waiting
2026-05-25 17:43:42,862 - INFO - Outside NY session window - waiting
2026-05-25 17:58:42,878 - INFO - Outside NY session window - waiting
2026-05-25 18:13:42,900 - INFO - Outside NY session window - waiting
2026-05-25 18:28:42,940 - INFO - Outside NY session window - waiting
2026-05-25 18:43:42,969 - INFO - Scanning for Jade Cape setup...
2026-05-25 18:43:44,225 - INFO - No clear daily bias - waiting
2026-05-25 18:58:44,254 - INFO - Scanning for Jade Cape setup...
2026-05-25 18:58:45,176 - INFO - No clear daily bias - waiting
2026-05-25 19:13:45,657 - INFO - Scanning for Jade Cape setup...
2026-05-25 19:13:46,628 - INFO - No clear daily bias - waiting
2026-05-25 19:28:46,655 - INFO - Scanning for Jade Cape setup...
2026-05-25 19:28:47,340 - INFO - No clear daily bias - waiting
2026-05-25 19:40:08,344 - INFO - Scheduler started: running check_and_trade every 15 minutes.
2026-05-25 19:43:47,397 - INFO - Scanning for Jade Cape setup...
2026-05-25 19:43:48,775 - INFO - Daily bias: bullish
2026-05-25 19:43:49,219 - INFO - Liquidity zones marked: {'PDH': np.float64(77543.15), 'PDL': np.float64(76108.0), 'Asian_High': np.float64(77699.97), 'Asian_Low': np.float64(76108.0), 'London_High': np.float64(77699.97), 'London_Low': np.float64(76108.0)}
2026-05-25 19:43:49,630 - INFO - No liquidity raid detected - waiting
2026-05-25 19:56:51,814 - INFO - Scheduler started: running check_and_trade every 15 minutes.
2026-05-25 19:58:50,506 - INFO - Scanning for Jade Cape setup...
2026-05-25 19:58:53,492 - INFO - Daily bias: bullish
2026-05-25 19:58:53,903 - INFO - Liquidity zones marked: {'PDH': np.float64(77543.15), 'PDL': np.float64(76108.0), 'Asian_High': np.float64(77699.97), 'Asian_Low': np.float64(76108.0), 'London_High': np.float64(77699.97), 'London_Low': np.float64(76108.0)}
2026-05-25 19:58:54,329 - INFO - Liquidity raid detected! Swept PDH at 77475.22
2026-05-25 19:58:54,343 - INFO - Confirmation signal found: MSS
2026-05-25 19:58:54,349 - INFO - Trade setup: BUY 0.73 BTCUSDT @ 77612.26
2026-05-25 19:58:54,350 - INFO - Stop: 77475.22, Target: 76108.0, Risk: 1.0%
2026-05-25 19:58:54,352 - INFO - Managing BUY trade: 0.73 BTCUSDT @ 77612.26
2026-05-25 19:58:54,352 - INFO - Stop Loss: 77475.22, Take Profit: 76108.0
2026-05-25 19:58:54,352 - INFO - PAPER ORDER: BUY 0.73 BTCUSDT @ 77612.26
2026-05-25 19:58:54,352 - INFO - PAPER ORDER: SELL 0.73 BTCUSDT @ MARKET
2026-05-25 19:58:54,353 - INFO - PAPER ORDER: SELL 0.73 BTCUSDT @ 76108.0
2026-05-25 19:58:54,353 - INFO - Trade managed. Daily trades: 1/3
2026-05-25 20:13:55,314 - INFO - Scanning for Jade Cape setup...
2026-05-25 20:13:57,590 - INFO - Daily bias: bullish
2026-05-25 20:13:58,025 - INFO - Liquidity zones marked: {'PDH': np.float64(77543.15), 'PDL': np.float64(76108.0), 'Asian_High': np.float64(77699.97), 'Asian_Low': np.float64(76108.0), 'London_High': np.float64(77699.97), 'London_Low': np.float64(76108.0)}
2026-05-25 20:13:58,405 - INFO - Liquidity raid detected! Swept PDH at 77475.22
2026-05-25 20:13:58,411 - INFO - Confirmation signal found: MSS
2026-05-25 20:13:58,412 - INFO - Trade setup: BUY 1.355 BTCUSDT @ 77549.04
2026-05-25 20:13:58,412 - INFO - Stop: 77475.22, Target: 76108.0, Risk: 1.0%
2026-05-25 20:13:58,412 - INFO - Managing BUY trade: 1.355 BTCUSDT @ 77549.04
2026-05-25 20:13:58,412 - INFO - Stop Loss: 77475.22, Take Profit: 76108.0
2026-05-25 20:13:58,412 - INFO - PAPER ORDER: BUY 1.355 BTCUSDT @ 77549.04
2026-05-25 20:13:58,412 - INFO - PAPER ORDER: SELL 1.355 BTCUSDT @ MARKET
2026-05-25 20:13:58,412 - INFO - PAPER ORDER: SELL 1.355 BTCUSDT @ 76108.0
2026-05-25 20:13:58,412 - INFO - Trade managed. Daily trades: 2/3
2026-05-25 21:11:37,877 - INFO - Scanning for Jade Cape setup...
2026-05-25 21:11:39,629 - INFO - Daily bias: bullish
2026-05-25 21:11:40,095 - INFO - Liquidity zones marked: {'PDH': np.float64(77543.15), 'PDL': np.float64(76108.0), 'Asian_High': np.float64(77905.52), 'Asian_Low': np.float64(76108.0), 'London_High': np.float64(77905.52), 'London_Low': np.float64(76108.0)}
2026-05-25 21:11:40,514 - INFO - No liquidity raid detected - waiting
2026-05-25 21:26:40,844 - INFO - Scanning for Jade Cape setup...
2026-05-25 21:26:43,253 - INFO - Daily bias: bullish
2026-05-25 21:26:43,665 - INFO - Liquidity zones marked: {'PDH': np.float64(77543.15), 'PDL': np.float64(76108.0), 'Asian_High': np.float64(77905.52), 'Asian_Low': np.float64(76108.0), 'London_High': np.float64(77905.52), 'London_Low': np.float64(76108.0)}
2026-05-25 21:26:44,024 - INFO - No liquidity raid detected - waiting
2026-05-25 21:50:42,097 - INFO - Outside NY session window - waiting
2026-05-25 23:50:51,833 - INFO - Outside NY session window - waiting
2026-05-26 00:05:52,317 - INFO - Outside NY session window - waiting
2026-05-26 00:14:28,307 - INFO - Scheduler started: running check_and_trade every 15 minutes.
2026-05-26 00:20:52,380 - INFO - Outside NY session window - waiting
2026-05-26 00:35:52,451 - INFO - Outside NY session window - waiting
2026-05-26 08:23:43,830 - INFO - Daily counters reset
2026-05-26 08:23:44,059 - INFO - Outside NY session window - waiting
2026-05-26 08:39:02,636 - INFO - Scheduler started: running check_and_trade every 15 minutes.
2026-05-26 08:39:12,536 - INFO - Outside NY session window - waiting
2026-05-26 08:54:03,525 - ERROR - Error in check_and_trade: 'JadeCapeBot' object has no attribute 'reset_daily_counters'
2026-05-26 08:54:12,555 - INFO - Outside NY session window - waiting
2026-05-26 09:09:04,195 - ERROR - Error in check_and_trade: 'JadeCapeBot' object has no attribute 'reset_daily_counters'
2026-05-26 09:09:12,584 - INFO - Outside NY session window - waiting
2026-05-26 09:24:04,578 - ERROR - Error in check_and_trade: 'JadeCapeBot' object has no attribute 'reset_daily_counters'
2026-05-26 09:24:12,614 - INFO - Outside NY session window - waiting
2026-05-26 09:39:05,085 - ERROR - Error in check_and_trade: 'JadeCapeBot' object has no attribute 'reset_daily_counters'
2026-05-26 09:39:12,634 - INFO - Outside NY session window - waiting
2026-05-26 09:54:05,712 - ERROR - Error in check_and_trade: 'JadeCapeBot' object has no attribute 'reset_daily_counters'
2026-05-26 09:54:40,393 - INFO - Outside NY session window - waiting
2026-05-26 11:58:46,689 - INFO - Outside NY session window - waiting
2026-05-26 11:59:03,143 - ERROR - Error in check_and_trade: 'JadeCapeBot' object has no attribute 'reset_daily_counters'
2026-05-26 12:13:47,340 - INFO - Outside NY session window - waiting
2026-05-26 12:14:04,654 - ERROR - Error in check_and_trade: 'JadeCapeBot' object has no attribute 'reset_daily_counters'
2026-05-26 12:28:48,088 - INFO - Outside NY session window - waiting
2026-05-26 12:29:05,763 - ERROR - Error in check_and_trade: 'JadeCapeBot' object has no attribute 'reset_daily_counters'
2026-05-26 12:43:48,240 - INFO - Outside NY session window - waiting
2026-05-26 12:44:06,787 - ERROR - Error in check_and_trade: 'JadeCapeBot' object has no attribute 'reset_daily_counters'
2026-05-26 12:58:49,105 - INFO - Outside NY session window - waiting
2026-05-26 12:59:07,789 - ERROR - Error in check_and_trade: 'JadeCapeBot' object has no attribute 'reset_daily_counters'
2026-05-26 13:13:51,036 - INFO - Outside NY session window - waiting
2026-05-26 13:14:08,766 - ERROR - Error in check_and_trade: 'JadeCapeBot' object has no attribute 'reset_daily_counters'
2026-05-26 13:28:52,804 - INFO - Outside NY session window - waiting
2026-05-26 13:29:09,709 - ERROR - Error in check_and_trade: 'JadeCapeBot' object has no attribute 'reset_daily_counters'
2026-05-26 13:43:53,730 - INFO - Outside NY session window - waiting
2026-05-26 13:44:10,849 - ERROR - Error in check_and_trade: 'JadeCapeBot' object has no attribute 'reset_daily_counters'
2026-05-26 14:01:09,537 - INFO - Outside NY session window - waiting
2026-05-26 14:01:15,492 - ERROR - Error in check_and_trade: 'JadeCapeBot' object has no attribute 'reset_daily_counters'
2026-05-26 14:07:11,763 - INFO - Scheduler started: running check_and_trade every 15 minutes.
2026-05-26 14:16:09,590 - INFO - Outside NY session window - waiting
2026-05-26 14:16:16,853 - ERROR - Error in check_and_trade: 'JadeCapeBot' object has no attribute 'reset_daily_counters'
2026-05-26 14:22:12,176 - ERROR - Error in check_and_trade: 'JadeCapeBot' object has no attribute 'reset_daily_counters'
2026-05-26 14:35:33,948 - INFO - Outside NY session window - waiting
2026-05-26 14:35:39,077 - ERROR - Error in check_and_trade: 'JadeCapeBot' object has no attribute 'reset_daily_counters'
2026-05-26 14:37:13,190 - ERROR - Error in check_and_trade: 'JadeCapeBot' object has no attribute 'reset_daily_counters'
2026-05-26 14:38:15,373 - INFO - Scheduler started: running check_and_trade every 15 minutes.
2026-05-26 14:50:34,010 - INFO - Outside NY session window - waiting
2026-05-26 14:50:40,951 - ERROR - Error in check_and_trade: 'JadeCapeBot' object has no attribute 'reset_daily_counters'
2026-05-26 14:52:13,610 - ERROR - Error in check_and_trade: 'JadeCapeBot' object has no attribute 'reset_daily_counters'
2026-05-26 14:53:15,774 - ERROR - Error in check_and_trade: 'JadeCapeBot' object has no attribute 'reset_daily_counters'
2026-05-26 15:05:34,055 - INFO - Outside NY session window - waiting
2026-05-26 15:08:17,782 - INFO - Scheduler started: running check_and_trade every 15 minutes.
2026-05-26 15:20:34,085 - INFO - Outside NY session window - waiting
2026-05-26 15:23:18,947 - ERROR - Error in check_and_trade: 'JadeCapeBot' object has no attribute 'reset_daily_counters'
2026-05-26 15:35:34,837 - INFO - Outside NY session window - waiting
2026-05-26 15:38:19,995 - ERROR - Error in check_and_trade: 'JadeCapeBot' object has no attribute 'reset_daily_counters'
2026-05-26 17:43:43,203 - INFO - Outside NY session window - waiting
2026-05-26 17:43:45,564 - ERROR - Error in check_and_trade: 'JadeCapeBot' object has no attribute 'reset_daily_counters'
2026-05-26 17:46:29,464 - INFO - Scheduler started: running check_and_trade every 15 minutes.
2026-05-26 17:58:43,703 - INFO - Outside NY session window - waiting
2026-05-26 18:01:31,448 - ERROR - Error in check_and_trade: 'JadeCapeBot' object has no attribute 'reset_daily_counters'
2026-05-26 18:13:45,148 - INFO - Outside NY session window - waiting
2026-05-26 18:17:42,878 - ERROR - Error in check_and_trade: 'JadeCapeBot' object has no attribute 'reset_daily_counters'
2026-05-26 18:29:49,072 - INFO - Outside NY session window - waiting
2026-05-26 18:32:46,148 - ERROR - Error in check_and_trade: 'JadeCapeBot' object has no attribute 'reset_daily_counters'
2026-05-26 18:45:03,856 - INFO - Scanning for Jade Cape setup...
2026-05-26 18:45:05,271 - INFO - Daily bias: bearish
2026-05-26 18:45:05,582 - INFO - Liquidity zones marked: {'PDH': np.float64(77905.52), 'PDL': np.float64(76914.25), 'Asian_High': np.float64(77807.29), 'Asian_Low': np.float64(76475.59), 'London_High': np.float64(77807.29), 'London_Low': np.float64(76475.59)}
2026-05-26 18:45:06,000 - INFO - No liquidity raid detected - waiting
2026-05-26 19:00:06,283 - INFO - Scanning for Jade Cape setup...
2026-05-26 19:00:07,196 - INFO - Daily bias: bearish
2026-05-26 19:00:07,579 - INFO - Liquidity zones marked: {'PDH': np.float64(77905.52), 'PDL': np.float64(76914.25), 'Asian_High': np.float64(77807.29), 'Asian_Low': np.float64(76475.59), 'London_High': np.float64(77807.29), 'London_Low': np.float64(76475.59)}
2026-05-26 19:00:07,928 - INFO - Liquidity raid detected! Swept PDL at 77091.21
2026-05-26 19:00:07,939 - INFO - Confirmation signal found: MSS
2026-05-26 19:00:07,944 - INFO - Trade setup: SELL 0.343 BTCUSDT @ 76799.74
2026-05-26 19:00:07,944 - INFO - Stop: 77091.21, Target: 77905.52, Risk: 1.0%
2026-05-26 19:00:07,945 - INFO - Managing SELL trade: 0.343 BTCUSDT @ 76799.74
2026-05-26 19:00:07,945 - INFO - Stop Loss: 77091.21, Take Profit: 77905.52
2026-05-26 19:00:07,946 - INFO - PAPER ORDER: SELL 0.343 BTCUSDT @ 76799.74
2026-05-26 19:00:07,946 - INFO - PAPER ORDER: BUY 0.343 BTCUSDT @ MARKET
2026-05-26 19:00:07,946 - INFO - PAPER ORDER: BUY 0.343 BTCUSDT @ 77905.52
2026-05-26 19:00:07,946 - INFO - Trade managed. Daily trades: 1/3
2026-05-26 19:15:08,036 - INFO - Scanning for Jade Cape setup...
2026-05-26 19:15:09,461 - INFO - Daily bias: bearish
2026-05-26 19:15:09,867 - INFO - Liquidity zones marked: {'PDH': np.float64(77905.52), 'PDL': np.float64(76914.25), 'Asian_High': np.float64(77807.29), 'Asian_Low': np.float64(76475.59), 'London_High': np.float64(77807.29), 'London_Low': np.float64(76475.59)}
2026-05-26 19:15:10,177 - INFO - Liquidity raid detected! Swept PDL at 77091.21
2026-05-26 19:15:10,189 - INFO - Confirmation signal found: MSS
2026-05-26 19:15:10,190 - INFO - Trade setup: SELL 0.615 BTCUSDT @ 76928.5
2026-05-26 19:15:10,190 - INFO - Stop: 77091.21, Target: 77905.52, Risk: 1.0%
2026-05-26 19:15:10,190 - INFO - Managing SELL trade: 0.615 BTCUSDT @ 76928.5
2026-05-26 19:15:10,190 - INFO - Stop Loss: 77091.21, Take Profit: 77905.52
2026-05-26 19:15:10,190 - INFO - PAPER ORDER: SELL 0.615 BTCUSDT @ 76928.5
2026-05-26 19:15:10,190 - INFO - PAPER ORDER: BUY 0.615 BTCUSDT @ MARKET
2026-05-26 19:15:10,190 - INFO - PAPER ORDER: BUY 0.615 BTCUSDT @ 77905.52
2026-05-26 19:15:10,191 - INFO - Trade managed. Daily trades: 2/3
2026-05-26 19:23:47,388 - INFO - Scheduler started: running check_and_trade every 15 minutes.
2026-05-26 19:30:10,242 - INFO - Scanning for Jade Cape setup...
2026-05-26 19:30:11,061 - INFO - No clear daily bias - waiting
2026-05-26 19:38:47,817 - ERROR - Error in check_and_trade: 'JadeCapeBot' object has no attribute 'reset_daily_counters'
2026-05-26 19:45:11,115 - INFO - Scanning for Jade Cape setup...
2026-05-26 19:45:11,814 - INFO - Daily bias: bullish
2026-05-26 19:45:12,124 - INFO - Liquidity zones marked: {'PDH': np.float64(77905.52), 'PDL': np.float64(76914.25), 'Asian_High': np.float64(77807.29), 'Asian_Low': np.float64(76475.59), 'London_High': np.float64(77807.29), 'London_Low': np.float64(76475.59)}
2026-05-26 19:45:12,439 - INFO - Liquidity raid detected! Swept PDL at 76995.12
2026-05-26 19:45:12,443 - INFO - Confirmation signal found: MSS
2026-05-26 19:45:12,444 - INFO - Trade setup: BUY 0.249 BTCUSDT @ 77396.0
2026-05-26 19:45:12,444 - INFO - Stop: 76995.12, Target: 76914.25, Risk: 1.0%
2026-05-26 19:45:12,444 - INFO - Managing BUY trade: 0.249 BTCUSDT @ 77396.0
2026-05-26 19:45:12,444 - INFO - Stop Loss: 76995.12, Take Profit: 76914.25
2026-05-26 19:45:12,444 - INFO - PAPER ORDER: BUY 0.249 BTCUSDT @ 77396.0
2026-05-26 19:45:12,444 - INFO - PAPER ORDER: SELL 0.249 BTCUSDT @ MARKET
2026-05-26 19:45:12,444 - INFO - PAPER ORDER: SELL 0.249 BTCUSDT @ 76914.25
2026-05-26 19:45:12,444 - INFO - Trade managed. Daily trades: 3/3
2026-05-26 20:00:12,495 - INFO - Daily trade limit reached (3/3)
2026-05-26 21:33:10,109 - INFO - Daily trade limit reached (3/3)
2026-05-27 18:24:48,753 - INFO - Scheduler started: running check_and_trade every 15 minutes.
2026-05-27 18:38:07,821 - INFO - Scheduler started: running check_and_trade every 15 minutes.
2026-05-27 18:39:49,393 - ERROR - Error in check_and_trade: 'JadeCapeBot' object has no attribute 'reset_daily_counters'
2026-05-27 18:53:08,860 - ERROR - Error in check_and_trade: 'JadeCapeBot' object has no attribute 'reset_daily_counters'
2026-05-27 18:55:40,634 - ERROR - Error in check_and_trade: 'JadeCapeBot' object has no attribute 'reset_daily_counters'
2026-05-27 19:04:03,408 - INFO - Scheduler started: running check_and_trade every 15 minutes.
2026-05-27 19:05:22,276 - INFO - Scheduler started: running check_and_trade every 15 minutes.
2026-05-27 19:08:07,246 - INFO - Scheduler started: running check_and_trade every 15 minutes.
2026-05-27 19:20:22,608 - ERROR - Error in check_and_trade: 'JadeCapeBot' object has no attribute 'reset_daily_counters'
2026-05-27 19:23:07,601 - ERROR - Error in check_and_trade: 'JadeCapeBot' object has no attribute 'reset_daily_counters'
2026-05-27 19:35:22,953 - ERROR - Error in check_and_trade: 'JadeCapeBot' object has no attribute 'reset_daily_counters'
2026-05-27 19:38:07,953 - ERROR - Error in check_and_trade: 'JadeCapeBot' object has no attribute 'reset_daily_counters'
2026-05-27 19:50:39,188 - INFO - Scheduler started: running check_and_trade every 15 minutes.
2026-05-27 20:05:40,139 - ERROR - Error in check_and_trade: 'JadeCapeBot' object has no attribute 'reset_daily_counters'
2026-05-27 20:26:59,390 - ERROR - Error in check_and_trade: 'JadeCapeBot' object has no attribute 'reset_daily_counters'
2026-05-27 20:46:07,871 - ERROR - Error in check_and_trade: 'JadeCapeBot' object has no attribute 'reset_daily_counters'
2026-05-27 20:51:31,998 - INFO - Scheduler started: running check_and_trade every 15 minutes.
2026-05-27 21:06:32,525 - ERROR - Error in check_and_trade: 'JadeCapeBot' object has no attribute 'reset_daily_counters'
2026-05-27 21:21:33,637 - ERROR - Error in check_and_trade: 'JadeCapeBot' object has no attribute 'reset_daily_counters'
2026-05-27 22:36:48,214 - ERROR - Error in check_and_trade: 'JadeCapeBot' object has no attribute 'reset_daily_counters'
2026-05-27 23:08:56,139 - ERROR - Error in check_and_trade: 'JadeCapeBot' object has no attribute 'reset_daily_counters'
2026-05-27 23:23:57,238 - ERROR - Error in check_and_trade: 'JadeCapeBot' object has no attribute 'reset_daily_counters'
2026-05-27 23:27:48,437 - INFO - Binance API connection verified
2026-05-27 23:27:48,438 - INFO - Jade Cape Bot initialized - Symbol: BTCUSDT, Mode: PAPER
2026-05-27 23:27:48,439 - INFO - Scheduler started: running check_and_trade every 15 minutes.
2026-05-27 23:27:48,439 - INFO - Daily counters reset
2026-05-27 23:27:48,440 - INFO - Outside trading session – skipping.
2026-05-28 18:36:27,733 - INFO - Binance API connection verified
2026-05-28 18:36:27,740 - INFO - Jade Cape Bot initialized - Symbol: BTCUSDT, Mode: PAPER
2026-05-28 18:36:27,822 - INFO - Daily counters reset
2026-05-28 18:36:28,560 - INFO - No clear daily bias – skipping.
2026-05-28 18:51:29,684 - INFO - No clear daily bias – skipping.
2026-05-28 19:06:30,808 - INFO - No clear daily bias – skipping.
2026-05-28 19:21:32,232 - INFO - No clear daily bias – skipping.
2026-05-28 19:36:33,407 - INFO - No clear daily bias – skipping.
2026-05-28 19:51:34,155 - INFO - No clear daily bias – skipping.
2026-05-28 20:06:35,852 - INFO - No clear daily bias – skipping.
2026-05-28 20:21:37,321 - INFO - No clear daily bias – skipping.
2026-05-28 20:42:52,671 - ERROR - Error fetching 15m data: HTTPSConnectionPool(host='api.binance.com', port=443): Max retries exceeded with url: /api/v3/klines?interval=15m&limit=200&symbol=BTCUSDT (Caused by NameResolutionError("HTTPSConnection(host='api.binance.com', port=443): Failed to resolve 'api.binance.com' ([Errno 11001] getaddrinfo failed)"))
2026-05-28 20:42:52,787 - ERROR - Error fetching 5m data: HTTPSConnectionPool(host='api.binance.com', port=443): Max retries exceeded with url: /api/v3/klines?interval=5m&limit=200&symbol=BTCUSDT (Caused by NameResolutionError("HTTPSConnection(host='api.binance.com', port=443): Failed to resolve 'api.binance.com' ([Errno 11001] getaddrinfo failed)"))
2026-05-28 20:42:52,788 - WARNING - Insufficient market data – skipping.
2026-05-28 21:25:53,168 - INFO - No clear daily bias – skipping.
2026-05-28 21:40:53,508 - INFO - Outside trading session – skipping.
2026-05-28 21:55:53,589 - INFO - Outside trading session – skipping.
2026-05-28 22:01:23,919 - INFO - Outside operating window – scheduler idle.
2026-05-28 22:01:53,926 - INFO - Outside operating window – scheduler idle.
2026-05-28 22:02:23,928 - INFO - Outside operating window – scheduler idle.
2026-05-28 22:02:53,936 - INFO - Outside operating window – scheduler idle.
2026-05-28 22:03:23,944 - INFO - Outside operating window – scheduler idle.
2026-05-28 22:03:53,946 - INFO - Outside operating window – scheduler idle.
2026-05-28 22:04:23,949 - INFO - Outside operating window – scheduler idle.
2026-05-28 22:04:53,954 - INFO - Outside operating window – scheduler idle.
2026-05-28 22:05:23,956 - INFO - Outside operating window – scheduler idle.
2026-05-28 22:05:53,958 - INFO - Outside operating window – scheduler idle.
2026-05-28 22:06:23,967 - INFO - Outside operating window – scheduler idle.
2026-05-28 22:06:53,971 - INFO - Outside operating window – scheduler idle.
2026-05-28 22:07:23,973 - INFO - Outside operating window – scheduler idle.
2026-05-28 22:20:30,153 - INFO - Binance API connection verified
2026-05-28 22:20:30,154 - INFO - Jade Cape Bot initialized - Symbol: BTCUSDT, Mode: PAPER
2026-05-28 22:20:30,158 - INFO - Outside operating window – scheduler idle.
2026-05-28 22:21:00,160 - INFO - Outside operating window – scheduler idle.
2026-05-28 22:21:30,163 - INFO - Outside operating window – scheduler idle.
2026-05-28 22:22:00,165 - INFO - Outside operating window – scheduler idle.
2026-05-28 22:22:30,166 - INFO - Outside operating window – scheduler idle.
2026-05-28 22:23:00,167 - INFO - Outside operating window – scheduler idle.
2026-05-28 22:23:30,168 - INFO - Outside operating window – scheduler idle.
2026-05-28 22:24:00,169 - INFO - Outside operating window – scheduler idle.
2026-05-28 22:24:30,169 - INFO - Outside operating window – scheduler idle.
2026-05-28 22:25:00,170 - INFO - Outside operating window – scheduler idle.
2026-05-28 22:25:30,170 - INFO - Outside operating window – scheduler idle.
2026-05-28 22:26:00,200 - INFO - Outside operating window – scheduler idle.
2026-05-28 22:26:30,230 - INFO - Outside operating window – scheduler idle.
2026-05-28 22:27:00,231 - INFO - Outside operating window – scheduler idle.
2026-05-28 22:27:30,231 - INFO - Outside operating window – scheduler idle.
2026-05-28 22:28:00,232 - INFO - Outside operating window – scheduler idle.
2026-05-28 22:28:30,233 - INFO - Outside operating window – scheduler idle.
2026-05-28 22:29:00,234 - INFO - Outside operating window – scheduler idle.
2026-05-28 22:29:30,234 - INFO - Outside operating window – scheduler idle.
2026-05-28 22:30:00,235 - INFO - Outside operating window – scheduler idle.
2026-05-28 22:30:30,236 - INFO - Outside operating window – scheduler idle.
2026-05-28 22:31:00,237 - INFO - Outside operating window – scheduler idle.
2026-05-28 22:31:31,879 - INFO - Outside operating window – scheduler idle.
2026-05-28 22:32:01,879 - INFO - Outside operating window – scheduler idle.
2026-05-28 22:32:31,880 - INFO - Outside operating window – scheduler idle.
2026-05-28 22:33:01,881 - INFO - Outside operating window – scheduler idle.
2026-05-28 22:33:31,882 - INFO - Outside operating window – scheduler idle.
2026-05-28 22:34:01,882 - INFO - Outside operating window – scheduler idle.
2026-05-28 22:34:31,883 - INFO - Outside operating window – scheduler idle.
2026-05-28 22:35:01,884 - INFO - Outside operating window – scheduler idle.
2026-05-28 22:35:31,885 - INFO - Outside operating window – scheduler idle.
2026-05-28 22:36:01,886 - INFO - Outside operating window – scheduler idle.
2026-05-28 22:36:31,887 - INFO - Outside operating window – scheduler idle.
2026-05-28 22:37:01,887 - INFO - Outside operating window – scheduler idle.
2026-05-28 22:37:31,888 - INFO - Outside operating window – scheduler idle.
2026-05-28 22:38:01,888 - INFO - Outside operating window – scheduler idle.
2026-05-28 22:38:31,889 - INFO - Outside operating window – scheduler idle.
2026-05-28 22:39:01,890 - INFO - Outside operating window – scheduler idle.
2026-05-28 22:39:31,890 - INFO - Outside operating window – scheduler idle.
2026-05-28 22:40:01,891 - INFO - Outside operating window – scheduler idle.
2026-05-28 22:40:31,892 - INFO - Outside operating window – scheduler idle.
2026-05-28 22:41:01,893 - INFO - Outside operating window – scheduler idle.
2026-05-28 22:41:31,893 - INFO - Outside operating window – scheduler idle.
2026-05-28 22:42:01,894 - INFO - Outside operating window – scheduler idle.
2026-05-28 22:42:31,895 - INFO - Outside operating window – scheduler idle.
2026-05-28 22:43:01,896 - INFO - Outside operating window – scheduler idle.
2026-05-28 22:43:31,897 - INFO - Outside operating window – scheduler idle.
2026-05-28 22:44:01,898 - INFO - Outside operating window – scheduler idle.
2026-05-28 22:44:31,899 - INFO - Outside operating window – scheduler idle.
2026-05-28 22:45:01,900 - INFO - Outside operating window – scheduler idle.
2026-05-28 22:45:31,900 - INFO - Outside operating window – scheduler idle.
2026-05-28 22:46:04,268 - INFO - Outside operating window – scheduler idle.
2026-05-29 09:12:44,314 - INFO - Outside operating window – scheduler idle.
2026-05-29 09:13:14,960 - INFO - Outside operating window – scheduler idle.
2026-05-29 09:13:44,986 - INFO - Outside operating window – scheduler idle.
2026-05-29 09:14:14,989 - INFO - Outside operating window – scheduler idle.
2026-05-29 09:14:45,114 - INFO - Outside operating window – scheduler idle.
2026-05-29 09:15:15,120 - INFO - Outside operating window – scheduler idle.
2026-05-29 09:15:45,123 - INFO - Outside operating window – scheduler idle.
2026-05-29 09:16:15,128 - INFO - Outside operating window – scheduler idle.
2026-05-29 09:16:45,133 - INFO - Outside operating window – scheduler idle.
2026-05-29 09:17:15,138 - INFO - Outside operating window – scheduler idle.
2026-05-29 09:17:45,165 - INFO - Outside operating window – scheduler idle.
2026-05-29 09:18:15,177 - INFO - Outside operating window – scheduler idle.
2026-05-29 09:18:45,185 - INFO - Outside operating window – scheduler idle.
2026-05-29 09:19:15,186 - INFO - Outside operating window – scheduler idle.
2026-05-29 09:19:45,189 - INFO - Outside operating window – scheduler idle.
2026-05-29 09:20:15,190 - INFO - Outside operating window – scheduler idle.
2026-05-29 09:20:45,194 - INFO - Outside operating window – scheduler idle.
2026-05-29 09:21:15,195 - INFO - Outside operating window – scheduler idle.
2026-05-29 09:21:45,197 - INFO - Outside operating window – scheduler idle.
2026-05-29 09:22:15,199 - INFO - Outside operating window – scheduler idle.
2026-05-29 09:22:45,202 - INFO - Outside operating window – scheduler idle.
2026-05-29 09:34:19,076 - INFO - Outside operating window – scheduler idle.
2026-05-29 09:34:49,102 - INFO - Outside operating window – scheduler idle.
2026-05-29 09:35:19,105 - INFO - Outside operating window – scheduler idle.
2026-05-29 09:35:49,106 - INFO - Outside operating window – scheduler idle.
2026-05-29 09:36:19,107 - INFO - Outside operating window – scheduler idle.
2026-05-29 09:36:49,108 - INFO - Outside operating window – scheduler idle.
2026-05-29 09:52:29,521 - INFO - Outside operating window – scheduler idle.
2026-05-29 11:12:22,056 - INFO - Outside operating window – scheduler idle.
2026-05-29 11:12:52,069 - INFO - Outside operating window – scheduler idle.
2026-05-29 11:13:22,112 - INFO - Outside operating window – scheduler idle.
2026-05-29 11:13:52,120 - INFO - Outside operating window – scheduler idle.
2026-05-29 11:14:22,122 - INFO - Outside operating window – scheduler idle.
2026-05-29 11:14:52,123 - INFO - Outside operating window – scheduler idle.
2026-05-29 11:15:22,125 - INFO - Outside operating window – scheduler idle.
2026-05-29 11:15:52,127 - INFO - Outside operating window – scheduler idle.
2026-05-29 11:16:22,152 - INFO - Outside operating window – scheduler idle.
2026-05-29 11:16:52,164 - INFO - Outside operating window – scheduler idle.
2026-05-29 11:17:22,201 - INFO - Outside operating window – scheduler idle.
2026-05-29 11:17:52,202 - INFO - Outside operating window – scheduler idle.
2026-05-29 11:18:22,205 - INFO - Outside operating window – scheduler idle.
2026-05-29 11:18:52,207 - INFO - Outside operating window – scheduler idle.
2026-05-29 11:19:22,209 - INFO - Outside operating window – scheduler idle.
2026-05-29 11:19:52,213 - INFO - Outside operating window – scheduler idle.
2026-05-29 11:20:22,214 - INFO - Outside operating window – scheduler idle.
2026-05-29 11:20:52,218 - INFO - Outside operating window – scheduler idle.
2026-05-29 11:21:22,222 - INFO - Outside operating window – scheduler idle.
2026-05-29 11:21:52,224 - INFO - Outside operating window – scheduler idle.
2026-05-29 11:22:22,226 - INFO - Outside operating window – scheduler idle.
2026-05-29 11:22:52,228 - INFO - Outside operating window – scheduler idle.
2026-05-29 11:23:22,232 - INFO - Outside operating window – scheduler idle.
2026-05-29 11:23:52,233 - INFO - Outside operating window – scheduler idle.
2026-05-29 11:24:22,234 - INFO - Outside operating window – scheduler idle.
2026-05-29 11:24:52,244 - INFO - Outside operating window – scheduler idle.
2026-05-29 11:25:22,269 - INFO - Outside operating window – scheduler idle.
2026-05-29 11:25:52,284 - INFO - Outside operating window – scheduler idle.
2026-05-29 11:26:22,289 - INFO - Outside operating window – scheduler idle.
2026-05-29 11:26:52,290 - INFO - Outside operating window – scheduler idle.
2026-05-29 11:27:22,292 - INFO - Outside operating window – scheduler idle.
2026-05-29 11:27:52,296 - INFO - Outside operating window – scheduler idle.
2026-05-29 11:28:22,301 - INFO - Outside operating window – scheduler idle.
2026-05-29 11:28:52,302 - INFO - Outside operating window – scheduler idle.
2026-05-29 11:29:22,486 - INFO - Outside operating window – scheduler idle.
2026-05-29 11:29:52,533 - INFO - Outside operating window – scheduler idle.
2026-05-29 11:30:22,537 - INFO - Outside operating window – scheduler idle.
2026-05-29 11:30:52,540 - INFO - Outside operating window – scheduler idle.
2026-05-29 11:31:22,541 - INFO - Outside operating window – scheduler idle.
2026-05-29 11:31:52,543 - INFO - Outside operating window – scheduler idle.
2026-05-29 11:32:22,545 - INFO - Outside operating window – scheduler idle.
2026-05-29 16:23:12,328 - INFO - Binance API connection verified
2026-05-29 16:23:12,329 - INFO - Jade Cape Bot initialized - Symbol: BTCUSDT, Mode: PAPER
2026-05-29 16:23:12,400 - INFO - Outside operating window – scheduler idle.
2026-05-29 16:23:42,402 - INFO - Outside operating window – scheduler idle.
2026-05-29 16:24:12,403 - INFO - Outside operating window – scheduler idle.
2026-05-29 16:24:42,438 - INFO - Outside operating window – scheduler idle.
2026-05-29 16:25:12,462 - INFO - Outside operating window – scheduler idle.
2026-05-29 16:25:42,464 - INFO - Outside operating window – scheduler idle.
2026-05-29 16:26:12,464 - INFO - Outside operating window – scheduler idle.
2026-05-29 16:26:42,465 - INFO - Outside operating window – scheduler idle.
2026-05-29 16:27:12,466 - INFO - Outside operating window – scheduler idle.
2026-05-29 16:27:42,466 - INFO - Outside operating window – scheduler idle.
2026-05-29 16:28:12,468 - INFO - Outside operating window – scheduler idle.
2026-05-29 16:28:42,469 - INFO - Outside operating window – scheduler idle.
2026-05-29 16:29:12,470 - INFO - Outside operating window – scheduler idle.
2026-05-29 16:29:42,471 - INFO - Outside operating window – scheduler idle.
2026-05-29 16:30:12,472 - INFO - Outside operating window – scheduler idle.
2026-05-29 16:30:42,472 - INFO - Outside operating window – scheduler idle.
2026-05-29 16:31:12,473 - INFO - Outside operating window – scheduler idle.
2026-05-29 16:31:42,474 - INFO - Outside operating window – scheduler idle.
2026-05-29 16:32:12,475 - INFO - Outside operating window – scheduler idle.
2026-05-29 16:32:42,475 - INFO - Outside operating window – scheduler idle.
2026-05-29 16:33:12,476 - INFO - Outside operating window – scheduler idle.
2026-05-29 16:33:42,477 - INFO - Outside operating window – scheduler idle.
2026-05-29 16:34:12,478 - INFO - Outside operating window – scheduler idle.
2026-05-29 16:34:42,479 - INFO - Outside operating window – scheduler idle.
2026-05-29 16:35:12,480 - INFO - Outside operating window – scheduler idle.
2026-05-29 16:35:42,480 - INFO - Outside operating window – scheduler idle.
2026-05-29 16:36:12,481 - INFO - Outside operating window – scheduler idle.
2026-05-29 16:36:42,482 - INFO - Outside operating window – scheduler idle.
2026-05-29 16:37:12,482 - INFO - Outside operating window – scheduler idle.
2026-05-29 16:37:42,483 - INFO - Outside operating window – scheduler idle.
2026-05-29 16:38:12,484 - INFO - Outside operating window – scheduler idle.
2026-05-29 16:53:09,901 - INFO - Binance API connection verified
2026-05-29 16:53:09,903 - INFO - Jade Cape Bot initialized - Symbol: BTCUSDT, Mode: PAPER
2026-05-29 16:53:09,909 - INFO - Outside operating window – scheduler idle.
2026-05-29 17:23:17,426 - INFO - Binance API connection verified
2026-05-29 17:23:17,427 - INFO - Jade Cape Bot initialized - Symbol: BTCUSDT, Mode: PAPER
2026-05-29 17:23:17,472 - INFO - Outside operating window – scheduler idle.
2026-05-29 17:38:10,179 - INFO - Binance API connection verified
2026-05-29 17:38:10,180 - INFO - Jade Cape Bot initialized - Symbol: BTCUSDT, Mode: PAPER
2026-05-29 17:38:10,186 - INFO - Outside operating window – scheduler idle.
2026-05-29 17:38:40,187 - INFO - Outside operating window – scheduler idle.
2026-05-29 17:39:10,188 - INFO - Outside operating window – scheduler idle.
2026-05-29 17:39:40,189 - INFO - Outside operating window – scheduler idle.
2026-05-29 17:40:10,190 - INFO - Outside operating window – scheduler idle.
2026-05-29 17:40:40,190 - INFO - Outside operating window – scheduler idle.
2026-05-29 17:41:10,191 - INFO - Outside operating window – scheduler idle.
2026-05-29 17:55:23,214 - INFO - Binance API connection verified
2026-05-29 17:55:23,232 - INFO - Jade Cape Bot initialized - Symbol: BTCUSDT, Mode: PAPER
2026-05-29 17:55:23,266 - INFO - Outside operating window – scheduler idle.
2026-05-29 17:55:53,266 - INFO - Outside operating window – scheduler idle.
2026-05-29 17:56:23,268 - INFO - Outside operating window – scheduler idle.
2026-05-29 17:56:53,269 - INFO - Outside operating window – scheduler idle.
2026-05-29 17:57:23,270 - INFO - Outside operating window – scheduler idle.
2026-05-29 17:57:53,270 - INFO - Outside operating window – scheduler idle.
2026-05-29 17:58:23,271 - INFO - Outside operating window – scheduler idle.
2026-05-29 17:58:53,272 - INFO - Outside operating window – scheduler idle.
2026-05-29 17:59:23,272 - INFO - Outside operating window – scheduler idle.
2026-05-29 17:59:53,273 - INFO - Outside operating window – scheduler idle.
2026-05-29 18:10:23,289 - INFO - Daily counters reset
2026-05-29 18:10:23,291 - INFO - Outside trading session – skipping.
2026-05-29 18:25:23,406 - INFO - Outside trading session – skipping.
2026-05-29 18:40:27,616 - INFO - Liquidity zones marked: {'PDH': 74590.77, 'PDL': 72582.82, 'Asian_High': 73939.19, 'Asian_Low': 73189.11, 'London_High': 73902.85, 'London_Low': 73202.0}
2026-05-29 18:40:27,872 - ERROR - Binance API error placing order: Invalid API-key, IP, or permissions for action.
2026-05-29 18:55:31,453 - INFO - Liquidity zones marked: {'PDH': 74590.77, 'PDL': 72582.82, 'Asian_High': 73939.19, 'Asian_Low': 73189.11, 'London_High': 73902.85, 'London_Low': 73202.0}
2026-05-29 18:55:31,485 - INFO - No liquidity raid detected – waiting.
2026-05-29 19:10:33,901 - INFO - Liquidity zones marked: {'PDH': 74590.77, 'PDL': 72582.82, 'Asian_High': 73939.19, 'Asian_Low': 73189.11, 'London_High': 73902.85, 'London_Low': 73202.0}
2026-05-29 19:10:33,908 - INFO - No liquidity raid detected – waiting.
2026-05-29 19:46:48,132 - INFO - Binance API connection verified
2026-05-29 19:46:48,134 - INFO - Jade Cape Bot initialized - Symbol: BTCUSDT, Mode: PAPER
2026-05-29 19:46:48,193 - INFO - Daily counters reset
2026-05-29 19:46:49,379 - INFO - Liquidity zones marked: {'PDH': 74590.77, 'PDL': 72582.82, 'Asian_High': 73939.19, 'Asian_Low': 73189.11, 'London_High': 73902.85, 'London_Low': 73202.0}
2026-05-29 19:46:49,607 - ERROR - Binance API error placing order: Invalid API-key, IP, or permissions for action.
2026-05-29 19:49:46,001 - INFO - Binance API connection verified
2026-05-29 19:49:46,002 - INFO - Jade Cape Bot initialized - Symbol: BTCUSDT, Mode: PAPER
2026-05-29 19:49:46,007 - INFO - Daily counters reset
2026-05-29 19:49:47,191 - INFO - Liquidity zones marked: {'PDH': 74590.77, 'PDL': 72582.82, 'Asian_High': 73939.19, 'Asian_Low': 73189.11, 'London_High': 73902.85, 'London_Low': 73202.0}
2026-05-29 19:52:46,149 - INFO - Binance API connection verified
2026-05-29 19:52:46,150 - INFO - Jade Cape Bot initialized - Symbol: BTCUSDT, Mode: PAPER
2026-05-29 19:52:46,160 - INFO - Daily counters reset
2026-05-29 19:52:47,400 - INFO - Liquidity zones marked: {'PDH': 74590.77, 'PDL': 72582.82, 'Asian_High': 73939.19, 'Asian_Low': 73189.11, 'London_High': 73902.85, 'London_Low': 73202.0}
2026-05-29 20:01:12,886 - INFO - Binance API connection verified
2026-05-29 20:01:12,886 - INFO - Jade Cape Bot initialized - Symbol: BTCUSDT, Mode: PAPER
2026-05-29 20:01:12,886 - INFO - Scheduler started: running check_and_trade every 15 minutes between 13:00-16:00 UTC.
2026-05-29 20:01:12,886 - INFO - Daily counters reset
2026-05-29 20:01:13,896 - INFO - Liquidity zones marked: {'PDH': 74590.77, 'PDL': 72582.82, 'Asian_High': 73939.19, 'Asian_Low': 73189.11, 'London_High': 73902.85, 'London_Low': 73202.0}
2026-05-29 20:01:13,898 - INFO - Paper bullish order simulated: qty=0.452427, entry~72733.52, stop~72512.49
2026-05-29 20:01:24,249 - INFO - Binance API connection verified
2026-05-29 20:01:24,249 - INFO - Jade Cape Bot initialized - Symbol: BTCUSDT, Mode: PAPER
2026-05-29 20:01:24,250 - INFO - Daily counters reset
2026-05-29 20:01:25,544 - INFO - Liquidity zones marked: {'PDH': 74590.77, 'PDL': 72582.82, 'Asian_High': 73939.19, 'Asian_Low': 73189.11, 'London_High': 73902.85, 'London_Low': 73202.0}
2026-05-29 20:01:25,548 - INFO - Paper bullish order simulated: qty=0.60423, entry~72677.99, stop~72512.49
2026-05-29 20:02:04,622 - INFO - Binance API connection verified
2026-05-29 20:02:04,622 - INFO - Jade Cape Bot initialized - Symbol: BTCUSDT, Mode: PAPER
2026-05-29 20:02:04,623 - INFO - Scheduler started: running check_and_trade every 15 minutes between 13:00-16:00 UTC.
2026-05-29 20:02:04,623 - INFO - Daily counters reset
2026-05-29 20:02:05,705 - INFO - Liquidity zones marked: {'PDH': 74590.77, 'PDL': 72582.82, 'Asian_High': 73939.19, 'Asian_Low': 73189.11, 'London_High': 73902.85, 'London_Low': 73202.0}
2026-05-29 20:02:05,708 - INFO - Paper bullish order simulated: qty=0.553863, entry~72693.04, stop~72512.49
2026-05-29 20:02:49,413 - INFO - Binance API connection verified
2026-05-29 20:02:49,413 - INFO - Jade Cape Bot initialized - Symbol: BTCUSDT, Mode: PAPER
2026-05-29 20:02:49,413 - INFO - Scheduler started: running check_and_trade every 15 minutes between 13:00-16:00 UTC.
2026-05-29 20:02:49,413 - INFO - Daily counters reset
2026-05-29 20:02:50,741 - INFO - Liquidity zones marked: {'PDH': 74590.77, 'PDL': 72582.82, 'Asian_High': 73939.19, 'Asian_Low': 73189.11, 'London_High': 73902.85, 'London_Low': 73202.0}
2026-05-29 20:02:50,745 - INFO - Paper bullish order simulated: qty=0.466222, entry~72726.98, stop~72512.49
2026-05-29 20:04:11,294 - INFO - Binance API connection verified
2026-05-29 20:04:11,294 - INFO - Jade Cape Bot initialized - Symbol: BTCUSDT, Mode: PAPER
2026-05-29 20:04:11,294 - INFO - Scheduler started: running check_and_trade every 15 minutes between 13:00-16:00 UTC.
2026-05-29 20:04:11,294 - INFO - Daily counters reset
2026-05-29 20:04:12,531 - INFO - Liquidity zones marked: {'PDH': 74590.77, 'PDL': 72582.82, 'Asian_High': 73939.19, 'Asian_Low': 73189.11, 'London_High': 73902.85, 'London_Low': 73202.0}
2026-05-29 20:04:12,536 - INFO - Paper bullish order simulated: qty=0.331851, entry~72813.83, stop~72512.49
2026-05-29 20:07:08,229 - INFO - Binance API connection verified
2026-05-29 20:07:08,229 - INFO - Jade Cape Bot initialized - Symbol: BTCUSDT, Mode: PAPER
2026-05-29 20:07:08,230 - INFO - Scheduler started: running check_and_trade every 15 minutes between 13:00-16:00 UTC.
2026-05-29 20:07:08,230 - INFO - Daily counters reset
2026-05-29 21:04:06,342 - INFO - Binance API connection verified
2026-05-29 21:04:06,342 - INFO - Jade Cape Bot initialized - Symbol: BTCUSDT, Mode: PAPER
2026-05-29 21:04:06,343 - INFO - Scheduler started: running check_and_trade every 15 minutes between 13:00-16:00 UTC.
2026-05-29 21:04:06,343 - INFO - Daily counters reset
2026-05-29 21:04:07,585 - INFO - Liquidity zones marked: {'PDH': 74590.77, 'PDL': 72582.82, 'Asian_High': 73939.19, 'Asian_Low': 73189.11, 'London_High': 73902.85, 'London_Low': 73202.0}
2026-05-29 21:04:07,588 - INFO - Paper bullish order simulated: qty=0.093719, entry~74076.0, stop~73008.98
2026-05-29 21:06:52,229 - INFO - Binance API connection verified
2026-05-29 21:06:52,230 - INFO - Jade Cape Bot initialized - Symbol: BTCUSDT, Mode: PAPER
2026-05-29 21:06:52,230 - INFO - Scheduler started: running check_and_trade every 15 minutes between 13:00-16:00 UTC.
2026-05-29 21:06:52,230 - INFO - Daily counters reset
2026-05-29 21:06:53,495 - INFO - Liquidity zones marked: {'PDH': 74590.77, 'PDL': 72582.82, 'Asian_High': 73939.19, 'Asian_Low': 73189.11, 'London_High': 73902.85, 'London_Low': 73202.0}
2026-05-29 21:06:53,504 - INFO - Paper bullish order simulated: qty=0.086587, entry~74163.89, stop~73008.98
2026-05-29 21:20:37,716 - INFO - Binance API connection verified
2026-05-29 21:20:37,716 - INFO - Jade Cape Bot initialized - Symbol: BTCUSDT, Mode: PAPER
2026-05-29 21:20:37,717 - INFO - Scheduler started: running check_and_trade every 15 minutes between 13:00-16:00 UTC.
2026-05-29 21:20:37,717 - INFO - Daily counters reset
2026-05-29 21:20:39,010 - INFO - Liquidity zones marked: {'PDH': 74590.77, 'PDL': 72582.82, 'Asian_High': 73939.19, 'Asian_Low': 73189.11, 'London_High': 73902.85, 'London_Low': 73202.0}
2026-05-29 21:20:39,014 - INFO - Paper bearish order simulated: qty=0.253807, entry~73806.0, stop~74200.0
2026-05-29 21:35:55,059 - INFO - Outside trading session â€“ skipping.
2026-05-29 21:50:55,537 - INFO - Outside trading session â€“ skipping.
2026-05-29 22:01:03,763 - INFO - Outside operating window â€“ scheduler idle.
2026-05-29 22:01:33,773 - INFO - Outside operating window â€“ scheduler idle.
2026-05-29 22:02:03,783 - INFO - Outside operating window â€“ scheduler idle.
2026-05-29 22:02:33,787 - INFO - Outside operating window â€“ scheduler idle.
2026-05-29 22:03:03,788 - INFO - Outside operating window â€“ scheduler idle.
2026-05-29 22:03:33,798 - INFO - Outside operating window â€“ scheduler idle.
2026-05-29 22:04:03,802 - INFO - Outside operating window â€“ scheduler idle.
2026-05-29 22:04:33,811 - INFO - Outside operating window â€“ scheduler idle.
2026-05-29 22:05:03,813 - INFO - Outside operating window â€“ scheduler idle.
2026-05-29 22:05:33,823 - INFO - Outside operating window â€“ scheduler idle.
2026-05-29 22:06:03,825 - INFO - Outside operating window â€“ scheduler idle.
2026-05-29 22:20:10,562 - INFO - Outside operating window â€“ scheduler idle.
2026-05-29 22:38:29,889 - INFO - Outside operating window â€“ scheduler idle.
2026-05-29 22:38:59,890 - INFO - Outside operating window â€“ scheduler idle.
2026-05-29 22:39:29,891 - INFO - Outside operating window â€“ scheduler idle.
2026-05-29 22:39:59,892 - INFO - Outside operating window â€“ scheduler idle.
2026-05-29 22:40:29,892 - INFO - Outside operating window â€“ scheduler idle.
2026-05-29 22:40:59,893 - INFO - Outside operating window â€“ scheduler idle.
2026-05-29 22:41:29,893 - INFO - Outside operating window â€“ scheduler idle.
2026-05-29 22:41:59,894 - INFO - Outside operating window â€“ scheduler idle.
2026-05-29 22:42:29,894 - INFO - Outside operating window â€“ scheduler idle.
2026-05-29 22:42:59,896 - INFO - Outside operating window â€“ scheduler idle.
2026-05-29 22:43:29,898 - INFO - Outside operating window â€“ scheduler idle.
2026-05-29 22:43:59,898 - INFO - Outside operating window â€“ scheduler idle.
2026-05-29 22:44:29,899 - INFO - Outside operating window â€“ scheduler idle.
2026-05-29 22:44:59,900 - INFO - Outside operating window â€“ scheduler idle.
2026-05-29 22:45:29,900 - INFO - Outside operating window â€“ scheduler idle.
2026-05-29 22:45:59,901 - INFO - Outside operating window â€“ scheduler idle.
2026-05-29 22:46:29,901 - INFO - Outside operating window â€“ scheduler idle.
2026-05-29 22:46:59,902 - INFO - Outside operating window â€“ scheduler idle.
2026-05-29 22:47:29,903 - INFO - Outside operating window â€“ scheduler idle.
2026-05-29 22:47:59,903 - INFO - Outside operating window â€“ scheduler idle.
2026-05-29 22:48:29,904 - INFO - Outside operating window â€“ scheduler idle.
2026-05-29 22:48:59,904 - INFO - Outside operating window â€“ scheduler idle.
2026-05-29 22:49:29,905 - INFO - Outside operating window â€“ scheduler idle.
2026-05-29 22:49:59,906 - INFO - Outside operating window â€“ scheduler idle.
2026-05-29 22:50:29,906 - INFO - Outside operating window â€“ scheduler idle.
2026-05-29 22:50:59,908 - INFO - Outside operating window â€“ scheduler idle.
2026-05-29 22:51:29,910 - INFO - Outside operating window â€“ scheduler idle.
2026-05-29 22:51:59,912 - INFO - Outside operating window â€“ scheduler idle.
2026-05-29 22:52:29,913 - INFO - Outside operating window â€“ scheduler idle.
2026-05-29 23:08:37,716 - INFO - Binance API connection verified
2026-05-29 23:08:37,717 - INFO - Jade Cape Bot initialized - Symbol: BTCUSDT, Mode: PAPER
2026-05-29 23:08:37,717 - INFO - Scheduler started: running check_and_trade every 15 minutes between 13:00-16:00 UTC.
2026-05-29 23:08:37,717 - INFO - Daily counters reset
2026-05-29 23:08:37,717 - INFO - Outside trading session â€“ skipping.
2026-05-29 23:23:37,855 - INFO - Outside trading session â€“ skipping.
2026-05-31 01:02:38,009 - INFO - Binance API connection verified
2026-05-31 01:02:38,010 - INFO - Jade Cape Bot initialized - Symbol: BTCUSDT, Mode: PAPER
2026-05-31 01:02:38,010 - INFO - Scheduler started: running check_and_trade every 15 minutes between 13:00-16:00 UTC.
2026-05-31 01:02:38,010 - INFO - Daily counters reset
2026-05-31 01:02:38,010 - INFO - Outside trading session â€“ skipping.
